// Jest Snapshot v1, https://goo.gl/fbAQLP

exports[`Preview component renders html 1`] = `
<div>
  <div
    style="border: 1px solid black; height: 100%; padding: 1rem;"
  >
    <h1
      id="try-me"
    >
      Try me
    </h1>
    

    <h2
      id="i-work"
    >
      I work
    </h2>
    

    <ul>
      

      <li>
        lists 
      </li>
      

      <li>
        are 
      </li>
      

      <li>
        nice
      </li>
      

    </ul>
    

    <p>
       
      <strong>
        Bold
      </strong>
       
    </p>
    

    <p>
       
      <em>
        italic
      </em>
    </p>
    

    <table>
      

      <thead>
        

        <tr>
          

          <th>
            one
          </th>
          

          <th>
            two
          </th>
          

          <th>
            three
          </th>
          

        </tr>
        

      </thead>
      

      <tbody>
        <tr>
          

          <td>
            value
          </td>
          

          <td>
            value
          </td>
          

          <td>
            value
          </td>
          

        </tr>
        

      </tbody>
    </table>
    

  </div>
</div>
`;
